// Jest Snapshot v1, https://goo.gl/fbAQLP

exports[`Checks if the component is correctly rendered 1`] = `
<div
  className="sc-eCssSg jhDcFB"
>
  <label
    className="sc-jrAGrp iUlFgE"
  >
    Senha
  </label>
  <input
    className="sc-jSgupP jHzLmv"
    minLength={8}
    name="password"
    onBlur={[Function]}
    onChange={[Function]}
    onInvalid={[Function]}
    placeholder="Cadastre uma senha"
    required={true}
    style={
      Object {
        "border": "1px solid var(--base-color-border)",
        "color": "var(--base-color-text)",
      }
    }
    type="password"
    value=""
  />
  <svg
    className="sc-kEjbxe gKFWaf"
    onClick={[Function]}
  >
    eye-solid.svg
  </svg>
  <div
    className="sc-gKsewC dGAaCy"
  />
</div>
`;
